$ C:\Users\HP\AppData\Local\Python\pythoncore-3.14-64\python.exe -B E:\Darevskia_ID\portable_app\tools\darevskia_axis_belt_matcher.py --project-dir E:\Darevskia_ID --output E:\Darevskia_ID\outputs\axis_belt_web_run --gallery-sampling last --thumb-size 256 --preview-side 900 --max-side 2200 --inner-margin 0.03 --landmarks E:\Darevskia_ID\config\axis_belt_landmarks.csv --max-specimens 12 --gallery-per-specimen 4 --query-per-specimen 1 --new-specimen-threshold 0.20 --new-specimen-margin 0.035 --belt-width 360 --belt-height 900 --belt-breadth-fraction 0.14 --consensus-top-k 2

{
  "mode": "five_landmark_axis_belt_matcher",
  "project_dir": "E:\\Darevskia_ID",
  "output_dir": "E:\\Darevskia_ID\\outputs\\axis_belt_web_run",
  "landmarks_path": "E:\\Darevskia_ID\\config\\axis_belt_landmarks.csv",
  "max_side": 2200,
  "preview_side": 900,
  "thumb_size": 256,
  "belt_width": 360,
  "belt_height": 900,
  "belt_breadth_fraction": 0.14,
  "belt_breadth_px": null,
  "inner_margin": 0.03,
  "max_specimens": 12,
  "gallery_per_specimen": 4,
  "gallery_sampling": "last",
  "query_per_specimen": 1,
  "n_manifest_records": 57,
  "n_gallery_images": 31,
  "n_query_images": 12,
  "overall_accuracy": 0.16666666666666666,
  "allow_new_specimen": false,
  "new_specimen_threshold": 0.2,
  "new_specimen_margin": 0.035,
  "consensus_top_k": 2,
  "n_new_specimen_predictions": 0,
  "per_specimen": [
    {
      "true_specimen": "1",
      "count": 1,
      "correct_count": 0,
      "accuracy": 0.0
    },
    {
      "true_specimen": "10",
      "count": 1,
      "correct_count": 0,
      "accuracy": 0.0
    },
    {
      "true_specimen": "11",
      "count": 1,
      "correct_count": 0,
      "accuracy": 0.0
    },
    {
      "true_specimen": "12",
      "count": 1,
      "correct_count": 0,
      "accuracy": 0.0
    },
    {
      "true_specimen": "2",
      "count": 1,
      "correct_count": 0,
      "accuracy": 0.0
    },
    {
      "true_specimen": "3",
      "count": 1,
      "correct_count": 1,
      "accuracy": 1.0
    },
    {
      "true_specimen": "4",
      "count": 1,
      "correct_count": 0,
      "accuracy": 0.0
    },
    {
      "true_specimen": "5",
      "count": 1,
      "correct_count": 0,
      "accuracy": 0.0
    },
    {
      "true_specimen": "6",
      "count": 1,
      "correct_count": 0,
      "accuracy": 0.0
    },
    {
      "true_specimen": "7",
      "count": 1,
      "correct_count": 0,
      "accuracy": 0.0
    },
    {
      "true_specimen": "8",
      "count": 1,
      "correct_count": 1,
      "accuracy": 1.0
    },
    {
      "true_specimen": "9",
      "count": 1,
      "correct_count": 0,
      "accuracy": 0.0
    }
  ]
}
Saved predictions to: E:\Darevskia_ID\outputs\axis_belt_web_run\predictions.csv
