$ C:\Users\HP\AppData\Local\Python\pythoncore-3.14-64\python.exe -B E:\Darevskia_ID\portable_app\tools\annotate_neck_patch.py --project-dir E:\Darevskia_ID --point-count 5 --split gallery --gallery-sampling last --display-mode viewer --window-width 1600 --window-height 950 --output-csv E:\Darevskia_ID\config\axis_belt_landmarks.csv --max-specimens 4 --gallery-per-specimen 4 --query-per-specimen 1 --overwrite

Traceback (most recent call last):
  File "E:\Darevskia_ID\portable_app\tools\annotate_neck_patch.py", line 606, in <module>
    main()
    ~~~~^^
  File "E:\Darevskia_ID\portable_app\tools\annotate_neck_patch.py", line 580, in main
    points = annotate_image(
        record,
    ...<5 lines>...
        args.point_count,
    )
  File "E:\Darevskia_ID\portable_app\tools\annotate_neck_patch.py", line 519, in annotate_image
    viewer = ViewerAnnotator(
        record,
    ...<4 lines>...
        point_count,
    )
  File "E:\Darevskia_ID\portable_app\tools\annotate_neck_patch.py", line 213, in __init__
    self.original_image = load_annotation_image(record.image_path)
                          ~~~~~~~~~~~~~~~~~~~~~^^^^^^^^^^^^^^^^^^^
  File "E:\Darevskia_ID\portable_app\tools\annotate_neck_patch.py", line 184, in load_annotation_image
    return Image.open(image_path).convert("RGB")
           ~~~~~~~~~~^^^^^^^^^^^^
  File "C:\Users\HP\AppData\Local\Python\pythoncore-3.14-64\Lib\site-packages\PIL\Image.py", line 3635, in open
    fp = builtins.open(filename, "rb")
FileNotFoundError: [Errno 2] No such file or directory: 'E:\\Darevskia_ID\\gallery\\specimen_1\\_DSC0023.JPG'
